EDIT  24-hour-answering-service/index.html                       kept: BreadcrumbList, FAQPage, Service
        - [NOT-VERBATIM] serviceType: 24/7 AI Answering Service for Home Services Businesses
        - [NOT-VERBATIM] name: AVA — 24-Hour Answering Service
        - [NOT-VERBATIM] audience.audienceType: Home Services operators across Wisconsin
        - [NOT-VERBATIM] description: A 24/7 AI voice answering service for Wisconsin home-service businesses that captures, tri
        - [EXTRACT] name <- rendered h1
        - [EXTRACT] description <- rendered lede
        - [ADD] Offer 497 USD — price printed on page
EDIT  backstage/index.html                                       kept: (entity only)
        - [STAMP-CRUMB] removed stamp BreadcrumbList — page renders no trail
        - [BREADCRUMB] no rendered trail — none emitted
EDIT  blog/home-services-30-percent-missed/index.html            kept: BlogPosting, BreadcrumbList
        - [NOT-VERBATIM] headline: Why Home Service Businesses Miss Calls (And Where Those Jobs Go)
        - [NOT-VERBATIM] description: Home-service calls get missed in predictable windows. Where those callers go, and how a 24
        - [AUTHOR] Person author -> Organization
EDIT  blog/index.html                                            kept: Blog, BreadcrumbList
        - [NOT-VERBATIM] name: AI Voice Agency Blog
        - [EXTRACT] name <- rendered h1
        - [EXTRACT] description <- rendered lede
EDIT  blog/what-happens-when-you-call-ava/index.html             kept: BlogPosting, BreadcrumbList
        - [NOT-VERBATIM] description: Thirty seconds. Real conversation. No queue. Here's exactly what happens when you dial the
        - [AUTHOR] Person author -> Organization
EDIT  blog/wisconsin-limo-crush/index.html                       kept: BlogPosting, BreadcrumbList
        - [NOT-VERBATIM] description: Friday 4:47 PM. Five corporate-confirm calls in twelve minutes. Three go to voicemail. By 
        - [AUTHOR] Person author -> Organization
EDIT  book/index.html                                            kept: (entity only)
skip  booked/index.html                                          noindex — left alone
EDIT  chauffeur/after-hours-limo-dispatch/index.html             kept: BreadcrumbList, FAQPage, Service
        - [ADD] Service synthesised from rendered copy
EDIT  chauffeur/airport-transfer-booking/index.html              kept: BreadcrumbList, FAQPage, Service
        - [ADD] Service synthesised from rendered copy
EDIT  chauffeur/book/index.html                                  kept: BreadcrumbList
EDIT  chauffeur/demo/index.html                                  kept: BreadcrumbList, FAQPage, Service
        - [ADD] Service synthesised from rendered copy
EDIT  chauffeur/how-setup-works/index.html                       kept: BreadcrumbList, FAQPage, Service
        - [ADD] Service synthesised from rendered copy
EDIT  chauffeur/index.html                                       kept: FAQPage, Service, SoftwareApplication
        - [NOT-VERBATIM] description: AVA answers a chauffeured transportation operator's dispatch line 24/7, captures pickup, d
        - [EXTRACT] description <- rendered lede
        - [NOT-VERBATIM] name: Dispatch intake implementation
        - [NOT-VERBATIM] serviceType: Limo answering and dispatch intake
        - [NOT-VERBATIM] areaServed.name: United States
        - [NOT-VERBATIM] description: Setup is done for the operator: rate rules, service area, vehicle classes and dispatch pro
        - [REBUILD] Service rebuilt from rendered copy
        - [EXTRACT] name <- rendered h1
        - [EXTRACT] description <- rendered lede
        - [NOT-VERBATIM] mainEntity[1].acceptedAnswer.text: No. It handles the first layer of intake so your dispatcher is not buried by missed calls,
        - [NOT-VERBATIM] mainEntity[5].acceptedAnswer.text: Yes. The call comes back as a clean trip ticket your dispatcher confirms in the software y
        - [BREADCRUMB] no rendered trail — none emitted
EDIT  chauffeur/integrations/fasttrak/index.html                 kept: BreadcrumbList, FAQPage, Service
        - [ADD] Service synthesised from rendered copy
EDIT  chauffeur/integrations/index.html                          kept: BreadcrumbList, FAQPage, ItemList, Service
        - [NOT-VERBATIM] name: Dispatch platforms AI Chauffeur works beside
        - [NOT-VERBATIM] itemListElement[0].description: Direct write-back available after setup verification.
        - [NOT-VERBATIM] itemListElement[1].description: Partner API integration scoped during setup.
        - [NOT-VERBATIM] itemListElement[2].description: Network workflow review.
        - [NOT-VERBATIM] itemListElement[3].description: Custom integration review.
        - [NOT-VERBATIM] itemListElement[4].description: Custom integration review.
        - [NOT-VERBATIM] itemListElement[5].description: Custom integration review.
        - [NOT-VERBATIM] itemListElement[6].description: Custom integration review.
        - [NOT-VERBATIM] itemListElement[7].description: Custom integration review.
        - [NOT-VERBATIM] itemListElement[8].description: Custom integration review.
        - [NOT-VERBATIM] itemListElement[9].description: Custom integration review.
        - [NOT-VERBATIM] itemListElement[10].description: Included in every setup.
        - [ADD] Service synthesised from rendered copy
EDIT  chauffeur/integrations/limo-anywhere/index.html            kept: BreadcrumbList, FAQPage, Service
        - [ADD] Service synthesised from rendered copy
EDIT  chauffeur/limo-answering-service/index.html                kept: BreadcrumbList, FAQPage, Service
        - [NOT-VERBATIM] mainEntity[3].acceptedAnswer.text: The call comes back as a clean trip ticket your dispatcher confirms in whatever you alread
        - [NOT-VERBATIM] mainEntity[4].acceptedAnswer.text: Setup is done for you and custom to your operation. Typical timeline is one to two weeks o
        - [ADD] Service synthesised from rendered copy
EDIT  chauffeur/limo-dispatch-automation/index.html              kept: BreadcrumbList, FAQPage, Service
        - [ADD] Service synthesised from rendered copy
EDIT  chauffeur/madison-limo-answering-service/index.html        kept: BreadcrumbList, FAQPage, Service
        - [RETYPE] LocalBusiness -> Service
        - [NOT-VERBATIM] name: AI Chauffeur — Madison limo answering service
        - [NOT-VERBATIM] description: Limo answering service and dispatch intake for Madison limousine, black car and chauffeure
        - [NOT-VERBATIM] parentOrganization.name: AI Voice Agency
        - [EXTRACT] name <- rendered h1
        - [EXTRACT] description <- rendered lede
EDIT  chauffeur/milwaukee-limo-answering-service/index.html      kept: BreadcrumbList, FAQPage, Service
        - [RETYPE] LocalBusiness -> Service
        - [NOT-VERBATIM] name: AI Chauffeur — Milwaukee limo answering service
        - [NOT-VERBATIM] description: Limo answering service and dispatch intake for Milwaukee limousine, black car and chauffeu
        - [NOT-VERBATIM] parentOrganization.name: AI Voice Agency
        - [EXTRACT] name <- rendered h1
        - [EXTRACT] description <- rendered lede
EDIT  chauffeur/privacy/index.html                               kept: BreadcrumbList, WebPage
        - [NOT-VERBATIM] description: What AI Chauffeur collects, how the automated call and text messages work, and how to stop
        - [EXTRACT] description <- rendered lede
EDIT  chauffeur/terms/index.html                                 kept: BreadcrumbList, WebPage
        - [NOT-VERBATIM] description: The terms for using AI Chauffeur — AI call answering and trip intake for chauffeured trans
        - [EXTRACT] description <- rendered lede
EDIT  chauffeur/works-with-your-software/index.html              kept: BreadcrumbList, FAQPage, ItemList, Service
        - [NOT-VERBATIM] mainEntity[3].acceptedAnswer.text: It answers the call, takes the whole trip, and delivers a completed trip ticket to the per
        - [NOT-VERBATIM] mainEntity[4].acceptedAnswer.text: AVA captures the trip on the phone and hands over a finished ticket; your dispatcher keys 
        - [NOT-VERBATIM] name: Dispatch software AI Chauffeur hands a trip ticket to
        - [ADD] Service synthesised from rendered copy
EDIT  deck/index.html                                            kept: PresentationDigitalDocument
        - [NOT-VERBATIM] name: AVA — AI Voice Agency Sales Deck
        - [NOT-VERBATIM] about: AI voice agent that answers, qualifies, books, and logs inbound calls.
        - [REBUILD] PresentationDigitalDocument rebuilt from rendered copy
        - [EXTRACT] name <- rendered h1
        - [EXTRACT] description <- rendered lede
        - [BREADCRUMB] no rendered trail — none emitted
EDIT  electrician-answering-service/index.html                   kept: BreadcrumbList, FAQPage, Service
        - [NOT-VERBATIM] serviceType: 24/7 AI Answering Service for Electrical Businesses
        - [NOT-VERBATIM] name: AVA — Electrician Answering Service
        - [NOT-VERBATIM] audience.audienceType: Electrical operators across Wisconsin
        - [NOT-VERBATIM] description: A 24/7 AI voice answering and triage service for electrical contractors across Wisconsin, 
        - [EXTRACT] name <- rendered h1
        - [EXTRACT] description <- rendered lede
        - [ADD] Offer 497 USD — price printed on page
EDIT  green-bay-dental/index.html                                kept: BreadcrumbList, FAQPage, Service
        - [NOT-VERBATIM] serviceType: AI Phone Answering for Dental Practices
        - [NOT-VERBATIM] name: AVA for Green Bay Dental
        - [NOT-VERBATIM] audience.audienceType: Solo and small Dental shops serving Green Bay
        - [NOT-VERBATIM] description: AVA is an AI voice agent that answers after-hours and overflow calls for dental practices 
        - [EXTRACT] name <- rendered h1
        - [EXTRACT] description <- rendered lede
EDIT  green-bay-electrical/index.html                            kept: BreadcrumbList, FAQPage, Service
        - [NOT-VERBATIM] serviceType: AI Phone Answering for Electrical Contractors
        - [NOT-VERBATIM] name: AVA for Green Bay Electrical
        - [NOT-VERBATIM] audience.audienceType: Solo and small Electrical shops serving Green Bay
        - [NOT-VERBATIM] description: AVA is an AI phone answering service that captures and routes after-hours and overflow cal
        - [EXTRACT] name <- rendered h1
        - [EXTRACT] description <- rendered lede
EDIT  green-bay-hvac/index.html                                  kept: BreadcrumbList, FAQPage, Service
        - [NOT-VERBATIM] serviceType: AI Phone Answering for HVAC Contractors
        - [NOT-VERBATIM] name: AVA for Green Bay HVAC
        - [NOT-VERBATIM] audience.audienceType: Solo and small HVAC shops serving Green Bay
        - [NOT-VERBATIM] description: AVA is an AI voice agent that answers after-hours and overflow phone calls for HVAC contra
        - [EXTRACT] name <- rendered h1
        - [EXTRACT] description <- rendered lede
EDIT  green-bay-plumbing/index.html                              kept: BreadcrumbList, FAQPage, Service
        - [NOT-VERBATIM] serviceType: AI Phone Answering for Plumbing Businesses
        - [NOT-VERBATIM] name: AVA for Green Bay Plumbing
        - [NOT-VERBATIM] audience.audienceType: Solo and small Plumbing shops serving Green Bay
        - [NOT-VERBATIM] description: AVA is an AI voice agent that answers after-hours and overflow calls for plumbing shops ac
        - [EXTRACT] name <- rendered h1
        - [EXTRACT] description <- rendered lede
EDIT  green-bay-roofing/index.html                               kept: BreadcrumbList, FAQPage, Service
        - [NOT-VERBATIM] serviceType: AI Phone Answering for Roofing Contractors
        - [NOT-VERBATIM] name: AVA for Green Bay Roofing
        - [NOT-VERBATIM] audience.audienceType: Solo and small Roofing shops serving Green Bay
        - [NOT-VERBATIM] description: AVA is an AI voice agent that answers after-hours and overflow phone calls for roofing con
        - [EXTRACT] name <- rendered h1
        - [EXTRACT] description <- rendered lede
EDIT  green-bay/index.html                                       kept: BreadcrumbList, FAQPage, Service
        - [ADD] Service synthesised from rendered copy
        - [ADD] Offer 497 USD — price printed on page
EDIT  ground-transportation/index.html                           kept: BreadcrumbList, FAQPage, Service
        - [NOT-VERBATIM] serviceType: AI Voice Dispatch Intake for Ground Transportation Operators
        - [NOT-VERBATIM] name: AVA for Ground Transportation
        - [NOT-VERBATIM] audience.audienceType: Limousine, chauffeured, black car, sedan, sprinter van, motorcoach, charter, NEMT, and cor
        - [NOT-VERBATIM] areaServed.name: United States
        - [NOT-VERBATIM] description: Voice operations system that handles inbound reservation calls, captures trip details, quo
        - [REBUILD] Service rebuilt from rendered copy
        - [EXTRACT] name <- rendered h1
        - [EXTRACT] description <- rendered lede
        - [NOT-VERBATIM] mainEntity[0].acceptedAnswer.text: AVA answers the call, captures pickup, drop-off, date and time, passenger count, vehicle c
        - [NOT-VERBATIM] mainEntity[2].acceptedAnswer.text: Yes. AVA quotes from your rules — service area, vehicle classes, airport rules, hourly min
EDIT  guides/ac-running-but-not-cooling.html                     kept: Article, BreadcrumbList, FAQPage
        - [NOT-VERBATIM] description: An air conditioner that runs constantly while the house stays warm usually has an airflow 
        - [AUTHOR] Person author -> Organization
EDIT  guides/furnace-short-cycling.html                          kept: Article, BreadcrumbList, FAQPage
        - [NOT-VERBATIM] headline: Why Does My Furnace Keep Turning On and Off? Short Cycling, Explained
        - [NOT-VERBATIM] description: A furnace that starts, stops, and restarts every few minutes is short cycling. The plain-l
        - [AUTHOR] Person author -> Organization
EDIT  home-services/index.html                                   kept: BreadcrumbList, FAQPage, Service
        - [NOT-VERBATIM] serviceType: AI Voice Agent for Home Service Operators
        - [NOT-VERBATIM] name: AVA for Home Services
        - [NOT-VERBATIM] audience.audienceType: HVAC, plumbing, electrical, roofing, pest control, and contracting operators
        - [NOT-VERBATIM] description: AI voice system that answers emergency dispatch calls, books estimates, identifies repeat 
        - [EXTRACT] name <- rendered h1
        - [EXTRACT] description <- rendered lede
EDIT  hospitality/index.html                                     kept: BreadcrumbList, FAQPage, Service
        - [NOT-VERBATIM] serviceType: AI Voice Agent for Hospitality and Event Venues
        - [NOT-VERBATIM] name: AVA for Hospitality &amp; Events
        - [NOT-VERBATIM] audience.audienceType: Hotels, restaurants, event venues, wedding planners, banquet halls
        - [NOT-VERBATIM] description: AI voice system that captures reservations, event inquiries, vendor coordination, and fron
        - [EXTRACT] name <- rendered h1
        - [EXTRACT] description <- rendered lede
EDIT  hvac-answering-service/index.html                          kept: BreadcrumbList, FAQPage, Service
        - [NOT-VERBATIM] serviceType: 24/7 AI Answering Service for HVAC Businesses
        - [NOT-VERBATIM] name: AVA — HVAC Answering Service
        - [NOT-VERBATIM] audience.audienceType: HVAC operators across Wisconsin
        - [NOT-VERBATIM] description: A flat-rate 24/7 AI voice answering service for HVAC companies across Wisconsin that captu
        - [EXTRACT] name <- rendered h1
        - [EXTRACT] description <- rendered lede
        - [ADD] Offer 497 USD — price printed on page
EDIT  index.html                                                 kept: Service
        - [NOT-VERBATIM] name: AVA — done-for-you AI receptionist
        - [NOT-VERBATIM] serviceType: AI phone answering, appointment booking and missed-call recovery for local service busines
        - [NOT-VERBATIM] offers.description: Starting monthly price. Setup starts at $497.
        - [EXTRACT] name <- rendered eyebrow
        - [EXTRACT] description <- rendered lede
        - [BREADCRUMB] no rendered trail — none emitted
skip  intake/index.html                                          noindex — left alone
EDIT  live/index.html                                            kept: FAQPage, Service
        - [NOT-VERBATIM] name: Hear AVA Live — AI receptionist test call
        - [NOT-VERBATIM] serviceType: AI answering service demonstration
        - [NOT-VERBATIM] areaServed.name: Wisconsin
        - [NOT-VERBATIM] offers.description: Starting monthly price. Setup starts at $497.
        - [EXTRACT] name <- rendered h1
        - [EXTRACT] description <- rendered lede
        - [NOT-VERBATIM] mainEntity[0].acceptedAnswer.text: Yes. AVA is an AI, and the call is a real phone call to the number you enter. Ask AVA anyt
        - [NOT-VERBATIM] mainEntity[1].acceptedAnswer.text: It is used to run your test call and to follow up with you. We read the public pages of th
        - [BREADCRUMB] no rendered trail — none emitted
EDIT  lsa/index.html                                             kept: Service
        - [NOT-VERBATIM] name: AVA — AI receptionist for Local Services Ads leads
        - [NOT-VERBATIM] serviceType: 24/7 AI phone answering that answers every Local Services Ads call, qualifies the lead, an
        - [NOT-VERBATIM] areaServed.name: Wisconsin
        - [NOT-VERBATIM] offers.description: Starting monthly price. Setup starts at $497.
        - [EXTRACT] name <- rendered h1
        - [EXTRACT] description <- rendered lede
        - [BREADCRUMB] no rendered trail — none emitted
EDIT  madison-dental/index.html                                  kept: BreadcrumbList, FAQPage, Service
        - [NOT-VERBATIM] serviceType: AI Phone Answering for Dental Businesses
        - [NOT-VERBATIM] name: AVA for Madison Dental
        - [NOT-VERBATIM] audience.audienceType: Family, pediatric, and specialty dental practices in Madison and Dane County
        - [NOT-VERBATIM] description: AI phone coverage for Madison dental practices: Monday-surge absorption, lunch-hour captur
        - [EXTRACT] name <- rendered h1
        - [EXTRACT] description <- rendered lede
EDIT  madison-electrical/index.html                              kept: BreadcrumbList, FAQPage, Service
        - [NOT-VERBATIM] serviceType: AI Phone Answering for Electrical Businesses
        - [NOT-VERBATIM] name: AVA for Madison Electrical
        - [NOT-VERBATIM] audience.audienceType: Electrical contractors serving Madison and Dane County homes and small businesses
        - [NOT-VERBATIM] description: AI call answering for Madison electricians: hazard calls escalated safety-first, service a
        - [EXTRACT] name <- rendered h1
        - [EXTRACT] description <- rendered lede
EDIT  madison-hvac/index.html                                    kept: BreadcrumbList, FAQPage, Service
        - [NOT-VERBATIM] serviceType: AI Phone Answering for HVAC Businesses
        - [NOT-VERBATIM] name: AVA for Madison HVAC
        - [NOT-VERBATIM] audience.audienceType: HVAC contractors and property-service companies in Madison and Dane County
        - [NOT-VERBATIM] description: AI phone answering for Madison HVAC companies: no-heat emergency triage on sub-zero nights
        - [EXTRACT] name <- rendered h1
        - [EXTRACT] description <- rendered lede
EDIT  madison-plumbing/index.html                                kept: BreadcrumbList, FAQPage, Service
        - [NOT-VERBATIM] serviceType: AI Phone Answering for Plumbing Businesses
        - [NOT-VERBATIM] name: AVA for Madison Plumbing
        - [NOT-VERBATIM] audience.audienceType: Plumbing and drain-service contractors in Madison and Dane County
        - [NOT-VERBATIM] description: AI answering for Madison plumbers: frozen-pipe and backup emergencies triaged and routed 2
        - [EXTRACT] name <- rendered h1
        - [EXTRACT] description <- rendered lede
EDIT  madison-roofing/index.html                                 kept: BreadcrumbList, FAQPage, Service
        - [NOT-VERBATIM] serviceType: AI Phone Answering for Roofing Businesses
        - [NOT-VERBATIM] name: AVA for Madison Roofing
        - [NOT-VERBATIM] audience.audienceType: Residential roofing and exteriors contractors in Madison and Dane County
        - [NOT-VERBATIM] description: Storm-surge AI answering for Madison roofing companies: hail-event call absorption, ice-da
        - [EXTRACT] name <- rendered h1
        - [EXTRACT] description <- rendered lede
EDIT  madison/index.html                                         kept: BreadcrumbList, FAQPage, Service
        - [ADD] Service synthesised from rendered copy
        - [ADD] Offer 497 USD — price printed on page
EDIT  medical-practices/index.html                               kept: BreadcrumbList, FAQPage, Service
        - [NOT-VERBATIM] serviceType: AI Voice Agent for Medical Practices
        - [NOT-VERBATIM] name: AVA for Medical Practices
        - [NOT-VERBATIM] audience.audienceType: Dental practices, primary care clinics, specialty practices, veterinary, chiropractic
        - [NOT-VERBATIM] description: AI voice system that books appointments, routes prescription refill requests, captures new
        - [EXTRACT] name <- rendered h1
        - [EXTRACT] description <- rendered lede
EDIT  methodology.html                                           kept: (entity only)
EDIT  milwaukee-dental/index.html                                kept: BreadcrumbList, FAQPage, Service
        - [NOT-VERBATIM] serviceType: AI Phone Answering for Dental Businesses
        - [NOT-VERBATIM] name: AVA for Milwaukee Dental
        - [NOT-VERBATIM] audience.audienceType: General, family, pediatric, and specialty dental practices in the Milwaukee metro
        - [NOT-VERBATIM] description: AI phone answering for Milwaukee dental practices: new-patient capture, lunch-hour and aft
        - [EXTRACT] name <- rendered h1
        - [EXTRACT] description <- rendered lede
EDIT  milwaukee-electrical/index.html                            kept: BreadcrumbList, FAQPage, Service
        - [NOT-VERBATIM] serviceType: AI Phone Answering for Electrical Businesses
        - [NOT-VERBATIM] name: AVA for Milwaukee Electrical
        - [NOT-VERBATIM] audience.audienceType: Licensed electrical contractors and service electricians in the Milwaukee metro
        - [NOT-VERBATIM] description: AI phone answering for Milwaukee electricians with safety-first triage: hazard escalation,
        - [EXTRACT] name <- rendered h1
        - [EXTRACT] description <- rendered lede
EDIT  milwaukee-hvac/index.html                                  kept: BreadcrumbList, FAQPage, Service
        - [NOT-VERBATIM] serviceType: AI Phone Answering for HVAC Businesses
        - [NOT-VERBATIM] name: AVA for Milwaukee HVAC
        - [NOT-VERBATIM] audience.audienceType: HVAC contractors and heating and cooling companies in the Milwaukee metro
        - [NOT-VERBATIM] description: 24/7 AI phone answering for Milwaukee HVAC companies: emergency no-heat and no-cool triage
        - [EXTRACT] name <- rendered h1
        - [EXTRACT] description <- rendered lede
EDIT  milwaukee-plumbing/index.html                              kept: BreadcrumbList, FAQPage, Service
        - [NOT-VERBATIM] serviceType: AI Phone Answering for Plumbing Businesses
        - [NOT-VERBATIM] name: AVA for Milwaukee Plumbing
        - [NOT-VERBATIM] audience.audienceType: Plumbing contractors and drain-service companies in the Milwaukee metro
        - [NOT-VERBATIM] description: Round-the-clock AI call answering for Milwaukee plumbers: burst-pipe and flood intake, saf
        - [EXTRACT] name <- rendered h1
        - [EXTRACT] description <- rendered lede
EDIT  milwaukee-roofing/index.html                               kept: BreadcrumbList, FAQPage, Service
        - [NOT-VERBATIM] serviceType: AI Phone Answering for Roofing Businesses
        - [NOT-VERBATIM] name: AVA for Milwaukee Roofing
        - [NOT-VERBATIM] audience.audienceType: Residential roofing and storm-restoration contractors in the Milwaukee metro
        - [NOT-VERBATIM] description: Surge-capacity AI answering for Milwaukee roofing companies: hail-week call absorption, ac
        - [EXTRACT] name <- rendered h1
        - [EXTRACT] description <- rendered lede
EDIT  milwaukee/index.html                                       kept: BreadcrumbList, FAQPage, Service
        - [ADD] Service synthesised from rendered copy
        - [ADD] Offer 497 USD — price printed on page
EDIT  overview.html                                              kept: Service
        - [NOT-VERBATIM] name: AVA — done-for-you AI receptionist
        - [NOT-VERBATIM] serviceType: AI phone answering, appointment booking and missed-call recovery for local service busines
        - [NOT-VERBATIM] offers.description: Starting monthly price. Setup starts at $497.
        - [EXTRACT] name <- rendered eyebrow
        - [EXTRACT] description <- rendered lede
EDIT  plumber-answering-service/index.html                       kept: BreadcrumbList, FAQPage, Service
        - [NOT-VERBATIM] serviceType: 24/7 AI Answering Service for Plumbing Businesses
        - [NOT-VERBATIM] name: AVA — Plumber Answering Service
        - [NOT-VERBATIM] audience.audienceType: Plumbing operators across Wisconsin
        - [NOT-VERBATIM] description: AVA is an AI voice agent that answers plumbing calls 24/7 across Wisconsin, captures each 
        - [EXTRACT] name <- rendered h1
        - [EXTRACT] description <- rendered lede
        - [ADD] Offer 497 USD — price printed on page
EDIT  privacy/index.html                                         kept: (entity only)
EDIT  professional-services/index.html                           kept: BreadcrumbList, FAQPage, Service
        - [NOT-VERBATIM] serviceType: AI Voice Agent for Professional Services
        - [NOT-VERBATIM] name: AVA for Professional Services
        - [NOT-VERBATIM] audience.audienceType: Law firms, accounting practices, marketing agencies, consultants
        - [NOT-VERBATIM] description: AI voice system that answers client calls, captures intake details, routes by case or acco
        - [EXTRACT] name <- rendered h1
        - [EXTRACT] description <- rendered lede
EDIT  roi/index.html                                             kept: WebApplication
        - [NOT-VERBATIM] name: AI Voice Agency — Missed-Call ROI Calculator
        - [EXTRACT] name <- rendered eyebrow
        - [EXTRACT] description <- rendered lede
EDIT  sms-policy.html                                            kept: (entity only)
EDIT  terms.html                                                 kept: (entity only)
skip  transportation/index.html                                  noindex — left alone
EDIT  videos/index.html                                          kept: BreadcrumbList, CollectionPage
        - [NOT-VERBATIM] name: AI Voice Agency — Videos
        - [NOT-VERBATIM] description: Upcoming demo videos and operator walkthroughs.
        - [REBUILD] CollectionPage rebuilt from rendered copy
        - [EXTRACT] name <- rendered h1
        - [EXTRACT] description <- rendered lede
EDIT  watch/index.html                                           kept: Service
        - [NOT-VERBATIM] name: AVA — done-for-you AI receptionist
        - [NOT-VERBATIM] serviceType: AI phone answering, appointment booking and missed-call recovery for local service busines
        - [NOT-VERBATIM] areaServed.name: Wisconsin
        - [NOT-VERBATIM] offers.description: Starting monthly price. Setup starts at $497.
        - [EXTRACT] name <- rendered eyebrow
        - [EXTRACT] description <- rendered lede
        - [BREADCRUMB] no rendered trail — none emitted
EDIT  waukesha-dental/index.html                                 kept: BreadcrumbList, FAQPage, Service
        - [NOT-VERBATIM] serviceType: AI Phone Answering for Dental Offices
        - [NOT-VERBATIM] name: AVA for Waukesha Dental
        - [NOT-VERBATIM] audience.audienceType: Solo and small Dental shops serving Waukesha
        - [NOT-VERBATIM] description: AVA is an AI phone answering service that picks up after-hours and overflow calls for dent
        - [EXTRACT] name <- rendered h1
        - [EXTRACT] description <- rendered lede
EDIT  waukesha-electrical/index.html                             kept: BreadcrumbList, FAQPage, Service
        - [NOT-VERBATIM] serviceType: AI Phone Answering for Electrical Businesses
        - [NOT-VERBATIM] name: AVA for Waukesha Electrical
        - [NOT-VERBATIM] audience.audienceType: Solo and small Electrical shops serving Waukesha
        - [NOT-VERBATIM] description: AI phone answering that captures after-hours and storm-night calls for electrical contract
        - [EXTRACT] name <- rendered h1
        - [EXTRACT] description <- rendered lede
EDIT  waukesha-hvac/index.html                                   kept: BreadcrumbList, FAQPage, Service
        - [NOT-VERBATIM] serviceType: AI Phone Answering for HVAC Businesses
        - [NOT-VERBATIM] name: AVA for Waukesha HVAC
        - [NOT-VERBATIM] audience.audienceType: Solo and small HVAC shops serving Waukesha
        - [NOT-VERBATIM] description: AVA is an AI phone answering service for HVAC contractors in Waukesha and Waukesha County,
        - [EXTRACT] name <- rendered h1
        - [EXTRACT] description <- rendered lede
EDIT  waukesha-plumbing/index.html                               kept: BreadcrumbList, FAQPage, Service
        - [NOT-VERBATIM] serviceType: AI Phone Answering for Plumbing Businesses
        - [NOT-VERBATIM] name: AVA for Waukesha Plumbing
        - [NOT-VERBATIM] audience.audienceType: Solo and small Plumbing shops serving Waukesha
        - [NOT-VERBATIM] description: AI phone answering for plumbing shops across Waukesha and Waukesha County, Wisconsin, capt
        - [EXTRACT] name <- rendered h1
        - [EXTRACT] description <- rendered lede
EDIT  waukesha-roofing/index.html                                kept: BreadcrumbList, FAQPage, Service
        - [NOT-VERBATIM] serviceType: AI Phone Answering for Roofing Businesses
        - [NOT-VERBATIM] name: AVA for Waukesha Roofing
        - [NOT-VERBATIM] audience.audienceType: Solo and small Roofing shops serving Waukesha
        - [NOT-VERBATIM] description: AVA is an AI voice agent that answers after-hours and overflow phone calls for roofing con
        - [EXTRACT] name <- rendered h1
        - [EXTRACT] description <- rendered lede
EDIT  waukesha/index.html                                        kept: BreadcrumbList, FAQPage, Service
        - [ADD] Service synthesised from rendered copy
        - [ADD] Offer 497 USD — price printed on page
EDIT  west-bend-dental/index.html                                kept: BreadcrumbList, FAQPage, Service
        - [NOT-VERBATIM] serviceType: AI Phone Answering for Dental Businesses
        - [NOT-VERBATIM] name: AVA for West Bend Dental
        - [NOT-VERBATIM] audience.audienceType: Small and family dental practices in West Bend and Washington County
        - [NOT-VERBATIM] description: AI phone coverage for West Bend and Washington County dental practices: after-school and a
        - [EXTRACT] name <- rendered h1
        - [EXTRACT] description <- rendered lede
EDIT  west-bend-electrical/index.html                            kept: BreadcrumbList, FAQPage, Service
        - [NOT-VERBATIM] serviceType: AI Phone Answering for Electrical Businesses
        - [NOT-VERBATIM] name: AVA for West Bend Electrical
        - [NOT-VERBATIM] audience.audienceType: Licensed electrical contractors serving West Bend, Washington County farms, shops, and hom
        - [NOT-VERBATIM] description: AI call answering for Washington County electricians: hazard-first triage, standby-generat
        - [EXTRACT] name <- rendered h1
        - [EXTRACT] description <- rendered lede
        - [ADD] Offer 497 USD — price printed on page
EDIT  west-bend-hvac/index.html                                  kept: BreadcrumbList, FAQPage, Service
        - [NOT-VERBATIM] serviceType: AI Phone Answering for HVAC Businesses
        - [NOT-VERBATIM] name: AVA for West Bend HVAC
        - [NOT-VERBATIM] audience.audienceType: Solo and small HVAC shops serving West Bend and Washington County
        - [NOT-VERBATIM] description: AI phone answering for West Bend and Washington County HVAC shops: propane and natural-gas
        - [EXTRACT] name <- rendered h1
        - [EXTRACT] description <- rendered lede
        - [ADD] Offer 497 USD — price printed on page
EDIT  west-bend-plumbing/index.html                              kept: BreadcrumbList, FAQPage, Service
        - [NOT-VERBATIM] serviceType: AI Phone Answering for Plumbing Businesses
        - [NOT-VERBATIM] name: AVA for West Bend Plumbing
        - [NOT-VERBATIM] audience.audienceType: Plumbing contractors serving West Bend, Washington County, and surrounding townships
        - [NOT-VERBATIM] description: AI answering for West Bend plumbers: well-pump and no-water emergencies, softener and filt
        - [EXTRACT] name <- rendered h1
        - [EXTRACT] description <- rendered lede
EDIT  west-bend-roofing/index.html                               kept: BreadcrumbList, FAQPage, Service
        - [NOT-VERBATIM] serviceType: AI Phone Answering for Roofing Businesses
        - [NOT-VERBATIM] name: AVA for West Bend Roofing
        - [NOT-VERBATIM] audience.audienceType: Shingle, steel, and storm-restoration roofers serving West Bend and Washington County
        - [NOT-VERBATIM] description: Storm-cycle AI answering for West Bend roofing companies: county-wide hail surge absorptio
        - [EXTRACT] name <- rendered h1
        - [EXTRACT] description <- rendered lede
EDIT  west-bend/index.html                                       kept: BreadcrumbList, FAQPage, Service
        - [ADD] Service synthesised from rendered copy
        - [ADD] Offer 497 USD — price printed on page
EDIT  wisconsin-limo/index.html                                  kept: BreadcrumbList, FAQPage, Service
        - [NOT-VERBATIM] serviceType: AI Dispatcher for Wisconsin Limo and Ground Transportation Operators
        - [NOT-VERBATIM] name: AVA for Wisconsin Limo Operators
        - [NOT-VERBATIM] audience.audienceType: Wisconsin limo, chauffeur, black car, sprinter van, and motorcoach operators
        - [NOT-VERBATIM] description: AI voice dispatcher built specifically for Wisconsin limo and ground transportation operat
        - [EXTRACT] name <- rendered h1
        - [EXTRACT] description <- rendered lede

APPLIED: 76 changed, 3 skipped, 0 aborted, 79 pages
